s_1_1.rad
s_1_2.rad
s_1_3.rad
s_1_4.rad
s_1_5.rad
s_1_6.rad
s_1_7.rad
s_1_8.rad
s_1_9.rad
s_1_10.rad
s_2_1.rad
s_2_2.rad
s_2_3.rad
s_2_4.rad
s_2_5.rad
s_2_6.rad
s_2_7.rad
s_2_8.rad
s_2_9.rad
s_2_10.rad
s_3_1.rad
s_3_2.rad
s_3_3.rad
s_3_4.rad
s_3_5.rad
s_3_6.rad
s_3_7.rad
s_3_8.rad
s_3_9.rad
s_3_10.rad
s_4_1.rad
s_4_2.rad
s_4_3.rad
s_4_4.rad
s_4_5.rad
s_4_6.rad
s_4_7.rad
s_4_8.rad
s_4_9.rad
s_4_10.rad
s_5_1.rad
s_5_2.rad
s_5_3.rad
s_5_4.rad
s_5_5.rad
s_5_6.rad
s_5_7.rad
s_5_8.rad
s_5_9.rad
s_5_10.rad
s_6_1.rad
s_6_2.rad
s_6_3.rad
s_6_4.rad
s_6_5.rad
s_6_6.rad
s_6_7.rad
s_6_8.rad
s_6_9.rad
s_6_10.rad
s_7_1.rad
s_7_2.rad
s_7_3.rad
s_7_4.rad
s_7_5.rad
s_7_6.rad
s_7_7.rad
s_7_8.rad
s_7_9.rad
s_7_10.rad
s_8_1.rad
s_8_2.rad
s_8_3.rad
s_8_4.rad
s_8_5.rad
s_8_6.rad
s_8_7.rad
s_8_8.rad
s_8_9.rad
s_8_10.rad
s_9_1.rad
s_9_2.rad
s_9_3.rad
s_9_4.rad
s_9_5.rad
s_9_6.rad
s_9_7.rad
s_9_8.rad
s_9_9.rad
s_9_10.rad
s_10_1.rad
s_10_2.rad
s_10_3.rad
s_10_4.rad
s_10_5.rad
s_10_6.rad
s_10_7.rad
s_10_8.rad
s_10_9.rad
s_10_10.rad
